[debug] [2026-10-02T15:08:45.366Z] ----------------------------------------------------------------------
[debug] [2026-10-02T15:08:45.373Z] Command:       /opt/homebrew/Cellar/node/26.10.0_1/bin/node /opt/homebrew/bin/firebase deploy --only hosting,firestore:rules
[debug] [2026-10-02T15:08:45.373Z] CLI Version:   15.32.1
[debug] [2026-10-02T15:08:45.373Z] Platform:      darwin
[debug] [2026-10-02T15:08:45.373Z] Node Version:  v26.10.0
[debug] [2026-10-02T15:08:45.373Z] Detected Agent: unknown
[debug] [2026-10-02T15:08:45.373Z] Time:          Fri Oct 02 2026 23:08:45 GMT+0800 (Philippine Standard Time)
[debug] [2026-10-02T15:08:45.373Z] ----------------------------------------------------------------------
[debug] 
[debug] [2026-10-02T15:08:46.201Z] > command requires scopes: ["email","openid","https://www.googleapis.com/auth/cloudplatformprojects.readonly","https://www.googleapis.com/auth/firebase","https://www.googleapis.com/auth/cloud-platform"]
[debug] [2026-10-02T15:08:46.201Z] > authorizing via signed-in user (2320702@ub.edu.ph)
[debug] [2026-10-02T15:08:46.201Z] [iam] checking project neurodivergent-app-15a25 for permissions ["datastore.indexes.create","datastore.indexes.delete","datastore.indexes.list","datastore.indexes.update","firebase.projects.get","firebasehosting.sites.update"]
[debug] [2026-10-02T15:08:46.210Z] Checked if tokens are valid: true, expires at: 1790956589434
[debug] [2026-10-02T15:08:46.211Z] Checked if tokens are valid: true, expires at: 1790956589434
[debug] [2026-10-02T15:08:46.211Z] >>> [apiv2][query] POST https://cloudresourcemanager.googleapis.com/v1/projects/neurodivergent-app-15a25:testIamPermissions [none]
[debug] [2026-10-02T15:08:46.211Z] >>> [apiv2][(partial)header] POST https://cloudresourcemanager.googleapis.com/v1/projects/neurodivergent-app-15a25:testIamPermissions  x-goog-user-project=neurodivergent-app-15a25
[debug] [2026-10-02T15:08:46.211Z] >>> [apiv2][body] POST https://cloudresourcemanager.googleapis.com/v1/projects/neurodivergent-app-15a25:testIamPermissions {"permissions":["datastore.indexes.create","datastore.indexes.delete","datastore.indexes.list","datastore.indexes.update","firebase.projects.get","firebasehosting.sites.update"]}
[debug] [2026-10-02T15:08:47.440Z] <<< [apiv2][status] POST https://cloudresourcemanager.googleapis.com/v1/projects/neurodivergent-app-15a25:testIamPermissions 200
[debug] [2026-10-02T15:08:47.440Z] <<< [apiv2][body] POST https://cloudresourcemanager.googleapis.com/v1/projects/neurodivergent-app-15a25:testIamPermissions {"permissions":["datastore.indexes.create","datastore.indexes.delete","datastore.indexes.list","datastore.indexes.update","firebase.projects.get","firebasehosting.sites.update"]}
[debug] [2026-10-02T15:08:47.440Z] Checked if tokens are valid: true, expires at: 1790956589434
[debug] [2026-10-02T15:08:47.440Z] Checked if tokens are valid: true, expires at: 1790956589434
[debug] [2026-10-02T15:08:47.441Z] >>> [apiv2][query] GET https://firebase.googleapis.com/v1beta1/projects/neurodivergent-app-15a25 [none]
[debug] [2026-10-02T15:08:47.844Z] <<< [apiv2][status] GET https://firebase.googleapis.com/v1beta1/projects/neurodivergent-app-15a25 200
[debug] [2026-10-02T15:08:47.844Z] <<< [apiv2][body] GET https://firebase.googleapis.com/v1beta1/projects/neurodivergent-app-15a25 {"projectId":"neurodivergent-app-15a25","projectNumber":"858987650546","displayName":"Neurodivergent-App","name":"projects/neurodivergent-app-15a25","resources":{"hostingSite":"neurodivergent-app-15a25"},"state":"ACTIVE","labels":{"firebase":"enabled"},"etag":"1_42e5d3d9-ed35-47d0-8020-e936232fe915"}
[info] 
[info] === Deploying to 'neurodivergent-app-15a25'...
[info] 
[info] i  deploying firestore, hosting 
[info] i  firestore: ensuring required API firestore.googleapis.com is enabled... 
[debug] [2026-10-02T15:08:47.846Z] Checked if tokens are valid: true, expires at: 1790956589434
[debug] [2026-10-02T15:08:47.846Z] Checked if tokens are valid: true, expires at: 1790956589434
[debug] [2026-10-02T15:08:47.846Z] >>> [apiv2][query] GET https://serviceusage.googleapis.com/v1/projects/neurodivergent-app-15a25/services/firestore.googleapis.com [none]
[debug] [2026-10-02T15:08:47.846Z] >>> [apiv2][(partial)header] GET https://serviceusage.googleapis.com/v1/projects/neurodivergent-app-15a25/services/firestore.googleapis.com  x-goog-user-project=neurodivergent-app-15a25
[debug] [2026-10-02T15:08:49.258Z] <<< [apiv2][status] GET https://serviceusage.googleapis.com/v1/projects/neurodivergent-app-15a25/services/firestore.googleapis.com 200
[debug] [2026-10-02T15:08:49.259Z] <<< [apiv2][body] GET https://serviceusage.googleapis.com/v1/projects/neurodivergent-app-15a25/services/firestore.googleapis.com [omitted]
[info] ✔  firestore: required API firestore.googleapis.com is enabled 
[info] i  firestore: ensuring required API firestore.googleapis.com is enabled... 
[debug] [2026-10-02T15:08:49.267Z] Checked if tokens are valid: true, expires at: 1790956589434
[debug] [2026-10-02T15:08:49.267Z] Checked if tokens are valid: true, expires at: 1790956589434
[debug] [2026-10-02T15:08:49.267Z] >>> [apiv2][query] GET https://firestore.googleapis.com/v1/projects/neurodivergent-app-15a25/databases/(default) [none]
[debug] [2026-10-02T15:08:49.707Z] <<< [apiv2][status] GET https://firestore.googleapis.com/v1/projects/neurodivergent-app-15a25/databases/(default) 200
[debug] [2026-10-02T15:08:49.708Z] <<< [apiv2][body] GET https://firestore.googleapis.com/v1/projects/neurodivergent-app-15a25/databases/(default) {"name":"projects/neurodivergent-app-15a25/databases/(default)","uid":"d9875ac9-6cee-43db-a5e5-e54b2a6fae4a","createTime":"2026-10-02T15:03:08.146336Z","updateTime":"2026-10-02T15:03:08.146336Z","locationId":"asia-southeast1","type":"FIRESTORE_NATIVE","concurrencyMode":"PESSIMISTIC","versionRetentionPeriod":"3600s","earliestVersionTime":"2026-10-02T15:03:08.146336Z","appEngineIntegrationMode":"DISABLED","keyPrefix":"zas","pointInTimeRecoveryEnablement":"POINT_IN_TIME_RECOVERY_DISABLED","deleteProtectionState":"DELETE_PROTECTION_DISABLED","databaseEdition":"STANDARD","freeTier":true,"realtimeUpdatesMode":"REALTIME_UPDATES_MODE_ENABLED","etag":"IJv698bOm5cDMJCHvq3Nm5cD"}
[info] i  cloud.firestore: checking firestore.rules for compilation errors... 
[debug] [2026-10-02T15:08:49.711Z] Checked if tokens are valid: true, expires at: 1790956589434
[debug] [2026-10-02T15:08:49.711Z] Checked if tokens are valid: true, expires at: 1790956589434
[debug] [2026-10-02T15:08:49.711Z] >>> [apiv2][query] POST https://firebaserules.googleapis.com/v1/projects/neurodivergent-app-15a25:test [none]
[debug] [2026-10-02T15:08:49.711Z] >>> [apiv2][body] POST https://firebaserules.googleapis.com/v1/projects/neurodivergent-app-15a25:test [omitted]
[debug] [2026-10-02T15:08:50.923Z] <<< [apiv2][status] POST https://firebaserules.googleapis.com/v1/projects/neurodivergent-app-15a25:test 200
[debug] [2026-10-02T15:08:50.923Z] <<< [apiv2][body] POST https://firebaserules.googleapis.com/v1/projects/neurodivergent-app-15a25:test {}
[info] ✔  cloud.firestore: rules file firestore.rules compiled successfully 
[debug] [2026-10-02T15:08:50.925Z] Checked if tokens are valid: true, expires at: 1790956589434
[debug] [2026-10-02T15:08:50.925Z] Checked if tokens are valid: true, expires at: 1790956589434
[debug] [2026-10-02T15:08:50.925Z] >>> [apiv2][query] GET https://firebasehosting.googleapis.com/v1beta1/projects/neurodivergent-app-15a25/sites/neurodivergent-app-15a25 [none]
[debug] [2026-10-02T15:08:52.836Z] <<< [apiv2][status] GET https://firebasehosting.googleapis.com/v1beta1/projects/neurodivergent-app-15a25/sites/neurodivergent-app-15a25 200
[debug] [2026-10-02T15:08:52.836Z] <<< [apiv2][body] GET https://firebasehosting.googleapis.com/v1beta1/projects/neurodivergent-app-15a25/sites/neurodivergent-app-15a25 {"name":"projects/neurodivergent-app-15a25/sites/neurodivergent-app-15a25","defaultUrl":"https://neurodivergent-app-15a25.web.app","appId":"1:858987650546:web:0f53a2f044f56e2e0b1f6b","type":"DEFAULT_SITE"}
[debug] [2026-10-02T15:08:52.838Z] Checked if tokens are valid: true, expires at: 1790956589434
[debug] [2026-10-02T15:08:52.838Z] Checked if tokens are valid: true, expires at: 1790956589434
[debug] [2026-10-02T15:08:52.838Z] >>> [apiv2][query] POST https://firebasehosting.googleapis.com/v1beta1/projects/-/sites/neurodivergent-app-15a25/versions [none]
[debug] [2026-10-02T15:08:52.838Z] >>> [apiv2][body] POST https://firebasehosting.googleapis.com/v1beta1/projects/-/sites/neurodivergent-app-15a25/versions {"status":"CREATED","labels":{"deployment-tool":"cli-firebase"}}
